******************************************************************************
                  TI ARM Linker Unix v20.2.1                   
******************************************************************************
>> Linked Tue Jun 15 20:03:52 2021

OUTPUT FILE NAME:   <Ti_FollowLineCar.out>
ENTRY POINT SYMBOL: "_c_int00_noargs"  address: 00000685


MEMORY CONFIGURATION

         name            origin    length      used     unused   attr    fill
----------------------  --------  ---------  --------  --------  ----  --------
  MAIN                  00000000   00040000  0000078c  0003f874  R  X
  INFO                  00200000   00004000  00000000  00004000  R  X
  SRAM_CODE             01000000   00010000  00000230  0000fdd0  RW X
  SRAM_DATA             20000000   00010000  00000230  0000fdd0  RW  


SEGMENT ALLOCATION MAP

run origin  load origin   length   init length attrs members
----------  ----------- ---------- ----------- ----- -------
00000000    00000000    00000790   00000790    r-x
  00000000    00000000    000000e4   000000e4    r-- .intvecs
  000000e4    000000e4    00000648   00000648    r-x .text
  0000072c    0000072c    00000030   00000030    r-- .const
  00000760    00000760    00000030   00000030    r-- .cinit
20000000    20000000    00000030   00000000    rw-
  20000000    20000000    00000030   00000000    rw- .data
2000fe00    2000fe00    00000200   00000000    rw-
  2000fe00    2000fe00    00000200   00000000    rw- .stack


SECTION ALLOCATION MAP

 output                                  attributes/
section   page    origin      length       input sections
--------  ----  ----------  ----------   ----------------
.intvecs   0    00000000    000000e4     
                  00000000    000000e4     startup_msp432p401r_ccs.obj (.intvecs:retain)

.text      0    000000e4    00000648     
                  000000e4    00000144     msp432p4xx_driverlib.lib : timer_a.o (.text:privateTimer_AProcessClockSourceDivider)
                  00000228    000000a0     motro_deiver.obj (.text:setPWM)
                  000002c8    0000009c     rtsv7M4_T_le_v4SPD16_eabi.lib : memcpy_t2.asm.obj (.text)
                  00000364    00000088     msp432p4xx_driverlib.lib : gpio.o (.text:GPIO_setAsPeripheralModuleFunctionOutputPin)
                  000003ec    00000088     main.obj (.text:main)
                  00000474    00000078     system_msp432p401r.obj (.text:SystemInit)
                  000004ec    00000074     msp432p4xx_driverlib.lib : timer_a.o (.text:Timer_A_generatePWM)
                  00000560    00000068     rtsv7M4_T_le_v4SPD16_eabi.lib : copy_decompress_lzss.c.obj (.text:decompress:lzss:__TI_decompress_lzss)
                  000005c8    00000044                                   : autoinit.c.obj (.text:__TI_auto_init_nobinit_nopinit:__TI_auto_init_nobinit_nopinit)
                  0000060c    00000040     msp432p4xx_driverlib.lib : gpio.o (.text:GPIO_setAsOutputPin)
                  0000064c    00000038     motro_deiver.obj (.text:Motor_init)
                  00000684    00000034     rtsv7M4_T_le_v4SPD16_eabi.lib : boot_cortex_m.c.obj (.text:_c_int00_noargs:_c_int00_noargs)
                  000006b8    00000028     msp432p4xx_driverlib.lib : gpio.o (.text:GPIO_setOutputHighOnPin)
                  000006e0    00000028                              : gpio.o (.text:GPIO_setOutputLowOnPin)
                  00000708    0000000e     rtsv7M4_T_le_v4SPD16_eabi.lib : copy_decompress_none.c.obj (.text:decompress:none:__TI_decompress_none)
                  00000716    0000000c     startup_msp432p401r_ccs.obj (.text:Reset_Handler)
                  00000722    00000004     rtsv7M4_T_le_v4SPD16_eabi.lib : pre_init.c.obj (.text:_system_pre_init)
                  00000726    00000004                                   : exit.c.obj (.text:abort:abort)
                  0000072a    00000002     startup_msp432p401r_ccs.obj (.text:Default_Handler)

.const     0    0000072c    00000030     
                  0000072c    00000030     msp432p4xx_driverlib.lib : gpio.o (.const:GPIO_PORT_TO_BASE)

.cinit     0    00000760    00000030     
                  00000760    0000001f     (.cinit..data.load) [load image, compression = lzss]
                  0000077f    00000001     --HOLE-- [fill = 0]
                  00000780    00000008     (__TI_handler_table)
                  00000788    00000008     (__TI_cinit_table)

.init_array 
*          0    00000000    00000000     UNINITIALIZED

.binit     0    00000000    00000000     

.data      0    20000000    00000030     UNINITIALIZED
                  20000000    00000018     motro_deiver.obj (.data:pwmConfigLeft)
                  20000018    00000018     motro_deiver.obj (.data:pwmConfigRight)

.stack     0    2000fe00    00000200     UNINITIALIZED
                  2000fe00    00000004     rtsv7M4_T_le_v4SPD16_eabi.lib : boot_cortex_m.c.obj (.stack)
                  2000fe04    000001fc     --HOLE--

__llvm_prf_cnts 
*          0    20000000    00000000     UNINITIALIZED

MODULE SUMMARY

       Module                        code   ro data   rw data
       ------                        ----   -------   -------
    ./
       motro_deiver.obj              216    0         96     
       main.obj                      136    0         0      
       system_msp432p401r.obj        120    0         0      
    +--+-----------------------------+------+---------+---------+
       Total:                        472    0         96     
                                                             
    ./ccs/
       startup_msp432p401r_ccs.obj   14     228       0      
    +--+-----------------------------+------+---------+---------+
       Total:                        14     228       0      
                                                             
    /home/chao/Ti/ccs1011/ccs/tools/compiler/ti-cgt-arm_20.2.1.LTS/lib/rtsv7M4_T_le_v4SPD16_eabi.lib
       memcpy_t2.asm.obj             156    0         0      
       copy_decompress_lzss.c.obj    104    0         0      
       autoinit.c.obj                68     0         0      
       boot_cortex_m.c.obj           52     0         0      
       copy_decompress_none.c.obj    14     0         0      
       exit.c.obj                    4      0         0      
       pre_init.c.obj                4      0         0      
    +--+-----------------------------+------+---------+---------+
       Total:                        402    0         0      
                                                             
    /home/chao/ti/simplelink_msp432p4_sdk_3_40_01_02/source/ti/devices/msp432p4xx/driverlib/ccs/msp432p4xx_driverlib.lib
       timer_a.o                     440    0         0      
       gpio.o                        280    48        0      
    +--+-----------------------------+------+---------+---------+
       Total:                        720    48        0      
                                                             
       Stack:                        0      0         1024   
       Linker Generated:             0      47        0      
    +--+-----------------------------+------+---------+---------+
       Grand Total:                  1608   323       1120   


LINKER GENERATED COPY TABLES

__TI_cinit_table @ 00000788 records: 1, size/record: 8, table size: 8
	.data: load addr=00000760, load size=0000001f bytes, run addr=20000000, run size=00000030 bytes, compression=lzss


LINKER GENERATED HANDLER TABLE

__TI_handler_table @ 00000780 records: 2, size/record: 4, table size: 8
	index: 0, handler: __TI_decompress_lzss
	index: 1, handler: __TI_decompress_none


GLOBAL SYMBOLS: SORTED ALPHABETICALLY BY Name 

address   name                                       
-------   ----                                       
0000072b  ADC14_IRQHandler                           
0000072b  AES256_IRQHandler                          
0000072b  BusFault_Handler                           
00000727  C$$EXIT                                    
0000072b  COMP_E0_IRQHandler                         
0000072b  COMP_E1_IRQHandler                         
0000072b  CS_IRQHandler                              
0000072b  DMA_ERR_IRQHandler                         
0000072b  DMA_INT0_IRQHandler                        
0000072b  DMA_INT1_IRQHandler                        
0000072b  DMA_INT2_IRQHandler                        
0000072b  DMA_INT3_IRQHandler                        
0000072b  DebugMon_Handler                           
0000072b  Default_Handler                            
0000072b  EUSCIA0_IRQHandler                         
0000072b  EUSCIA1_IRQHandler                         
0000072b  EUSCIA2_IRQHandler                         
0000072b  EUSCIA3_IRQHandler                         
0000072b  EUSCIB0_IRQHandler                         
0000072b  EUSCIB1_IRQHandler                         
0000072b  EUSCIB2_IRQHandler                         
0000072b  EUSCIB3_IRQHandler                         
0000072b  FLCTL_IRQHandler                           
0000072b  FPU_IRQHandler                             
0000060d  GPIO_setAsOutputPin                        
00000365  GPIO_setAsPeripheralModuleFunctionOutputPin
000006b9  GPIO_setOutputHighOnPin                    
000006e1  GPIO_setOutputLowOnPin                     
0000072b  HardFault_Handler                          
0000072b  MemManage_Handler                          
0000064d  Motor_init                                 
0000072b  NMI_Handler                                
0000072b  PCM_IRQHandler                             
0000072b  PORT1_IRQHandler                           
0000072b  PORT2_IRQHandler                           
0000072b  PORT3_IRQHandler                           
0000072b  PORT4_IRQHandler                           
0000072b  PORT5_IRQHandler                           
0000072b  PORT6_IRQHandler                           
0000072b  PSS_IRQHandler                             
0000072b  PendSV_Handler                             
0000072b  RTC_C_IRQHandler                           
00000717  Reset_Handler                              
0000072b  SVC_Handler                                
0000072b  SysTick_Handler                            
00000475  SystemInit                                 
0000072b  T32_INT1_IRQHandler                        
0000072b  T32_INT2_IRQHandler                        
0000072b  T32_INTC_IRQHandler                        
0000072b  TA0_0_IRQHandler                           
0000072b  TA0_N_IRQHandler                           
0000072b  TA1_0_IRQHandler                           
0000072b  TA1_N_IRQHandler                           
0000072b  TA2_0_IRQHandler                           
0000072b  TA2_N_IRQHandler                           
0000072b  TA3_0_IRQHandler                           
0000072b  TA3_N_IRQHandler                           
000004ed  Timer_A_generatePWM                        
0000072b  UsageFault_Handler                         
4000480c  WDTCTL_SYM                                 
0000072b  WDT_A_IRQHandler                           
20010000  __STACK_END                                
00000200  __STACK_SIZE                               
00000788  __TI_CINIT_Base                            
00000790  __TI_CINIT_Limit                           
00000780  __TI_Handler_Table_Base                    
00000788  __TI_Handler_Table_Limit                   
000005c9  __TI_auto_init_nobinit_nopinit             
00000561  __TI_decompress_lzss                       
00000709  __TI_decompress_none                       
ffffffff  __TI_pprof_out_hndl                        
ffffffff  __TI_prof_data_size                        
ffffffff  __TI_prof_data_start                       
00000000  __TI_static_base__                         
000002c9  __aeabi_memcpy                             
000002c9  __aeabi_memcpy4                            
000002c9  __aeabi_memcpy8                            
ffffffff  __binit__                                  
ffffffff  __c_args__                                 
UNDEFED   __mpu_init                                 
2000fe00  __stack                                    
20000000  __start___llvm_prf_cnts                    
20000000  __stop___llvm_prf_cnts                     
00000685  _c_int00_noargs                            
UNDEFED   _system_post_cinit                         
00000723  _system_pre_init                           
00000727  abort                                      
ffffffff  binit                                      
00000000  interruptVectors                           
000003ed  main                                       
000002c9  memcpy                                     
20000000  pwmConfigLeft                              
20000018  pwmConfigRight                             
00000229  setPWM                                     


GLOBAL SYMBOLS: SORTED BY Symbol Address 

address   name                                       
-------   ----                                       
00000000  __TI_static_base__                         
00000000  interruptVectors                           
00000200  __STACK_SIZE                               
00000229  setPWM                                     
000002c9  __aeabi_memcpy                             
000002c9  __aeabi_memcpy4                            
000002c9  __aeabi_memcpy8                            
000002c9  memcpy                                     
00000365  GPIO_setAsPeripheralModuleFunctionOutputPin
000003ed  main                                       
00000475  SystemInit                                 
000004ed  Timer_A_generatePWM                        
00000561  __TI_decompress_lzss                       
000005c9  __TI_auto_init_nobinit_nopinit             
0000060d  GPIO_setAsOutputPin                        
0000064d  Motor_init                                 
00000685  _c_int00_noargs                            
000006b9  GPIO_setOutputHighOnPin                    
000006e1  GPIO_setOutputLowOnPin                     
00000709  __TI_decompress_none                       
00000717  Reset_Handler                              
00000723  _system_pre_init                           
00000727  C$$EXIT                                    
00000727  abort                                      
0000072b  ADC14_IRQHandler                           
0000072b  AES256_IRQHandler                          
0000072b  BusFault_Handler                           
0000072b  COMP_E0_IRQHandler                         
0000072b  COMP_E1_IRQHandler                         
0000072b  CS_IRQHandler                              
0000072b  DMA_ERR_IRQHandler                         
0000072b  DMA_INT0_IRQHandler                        
0000072b  DMA_INT1_IRQHandler                        
0000072b  DMA_INT2_IRQHandler                        
0000072b  DMA_INT3_IRQHandler                        
0000072b  DebugMon_Handler                           
0000072b  Default_Handler                            
0000072b  EUSCIA0_IRQHandler                         
0000072b  EUSCIA1_IRQHandler                         
0000072b  EUSCIA2_IRQHandler                         
0000072b  EUSCIA3_IRQHandler                         
0000072b  EUSCIB0_IRQHandler                         
0000072b  EUSCIB1_IRQHandler                         
0000072b  EUSCIB2_IRQHandler                         
0000072b  EUSCIB3_IRQHandler                         
0000072b  FLCTL_IRQHandler                           
0000072b  FPU_IRQHandler                             
0000072b  HardFault_Handler                          
0000072b  MemManage_Handler                          
0000072b  NMI_Handler                                
0000072b  PCM_IRQHandler                             
0000072b  PORT1_IRQHandler                           
0000072b  PORT2_IRQHandler                           
0000072b  PORT3_IRQHandler                           
0000072b  PORT4_IRQHandler                           
0000072b  PORT5_IRQHandler                           
0000072b  PORT6_IRQHandler                           
0000072b  PSS_IRQHandler                             
0000072b  PendSV_Handler                             
0000072b  RTC_C_IRQHandler                           
0000072b  SVC_Handler                                
0000072b  SysTick_Handler                            
0000072b  T32_INT1_IRQHandler                        
0000072b  T32_INT2_IRQHandler                        
0000072b  T32_INTC_IRQHandler                        
0000072b  TA0_0_IRQHandler                           
0000072b  TA0_N_IRQHandler                           
0000072b  TA1_0_IRQHandler                           
0000072b  TA1_N_IRQHandler                           
0000072b  TA2_0_IRQHandler                           
0000072b  TA2_N_IRQHandler                           
0000072b  TA3_0_IRQHandler                           
0000072b  TA3_N_IRQHandler                           
0000072b  UsageFault_Handler                         
0000072b  WDT_A_IRQHandler                           
00000780  __TI_Handler_Table_Base                    
00000788  __TI_CINIT_Base                            
00000788  __TI_Handler_Table_Limit                   
00000790  __TI_CINIT_Limit                           
20000000  __start___llvm_prf_cnts                    
20000000  __stop___llvm_prf_cnts                     
20000000  pwmConfigLeft                              
20000018  pwmConfigRight                             
2000fe00  __stack                                    
20010000  __STACK_END                                
4000480c  WDTCTL_SYM                                 
ffffffff  __TI_pprof_out_hndl                        
ffffffff  __TI_prof_data_size                        
ffffffff  __TI_prof_data_start                       
ffffffff  __binit__                                  
ffffffff  __c_args__                                 
ffffffff  binit                                      
UNDEFED   __mpu_init                                 
UNDEFED   _system_post_cinit                         

[94 symbols]
